// Jest Snapshot v1, https://goo.gl/fbAQLP

exports[`AppContainer should render a view 1`] = `
<div
  className="container"
>
  <Header />
  <main
    className="content__main"
  >
    <span>
      Children
    </span>
  </main>
  <ToastContainer
    autoClose={5000}
    bodyClassName={null}
    className={null}
    closeButton={
      <CloseButton
        ariaLabel="close"
      />
    }
    closeOnClick={true}
    draggable={true}
    draggablePercent={80}
    hideProgressBar={false}
    newestOnTop={false}
    pauseOnFocusLoss={true}
    pauseOnHover={true}
    position="top-right"
    progressClassName={null}
    progressStyle={null}
    role="alert"
    rtl={false}
    style={null}
    toastClassName={null}
    transition={[Function]}
  />
</div>
`;
